Warning: Design 'DLX' has '1' unresolved references. For more detailed information, use the "link" command. (UID-341)
 
****************************************
Report : timing
        -path full
        -delay max
        -max_paths 1
Design : DLX
Version: Z-2007.03-SP1
Date   : Mon Oct 19 16:13:21 2015
****************************************

Operating Conditions: typical   Library: NangateOpenCellLibrary
Wire Load Model Mode: top

  Startpoint: DATAPATH_INST/PIPE_IF_ID_NPC/FF_1/Q_reg
              (rising edge-triggered flip-flop clocked by CLK)
  Endpoint: DATAPATH_INST/INST_BPU/CACHE_INST/DATA_INST/CACHE_MEM_reg[0][31]
            (rising edge-triggered flip-flop clocked by CLK')
  Path Group: CLK
  Path Type: max

  Des/Clust/Port     Wire Load Model       Library
  ------------------------------------------------
  DLX                5K_hvratio_1_1        NangateOpenCellLibrary

  Point                                                   Incr       Path
  --------------------------------------------------------------------------
  clock CLK (rise edge)                                   0.00       0.00
  clock network delay (ideal)                             0.00       0.00
  DATAPATH_INST/PIPE_IF_ID_NPC/FF_1/Q_reg/CK (DFF_X1)     0.00       0.00 r
  DATAPATH_INST/PIPE_IF_ID_NPC/FF_1/Q_reg/Q (DFF_X1)      0.09       0.09 f
  DATAPATH_INST/PIPE_IF_ID_NPC/FF_1/Q (FD_1_562)          0.00       0.09 f
  DATAPATH_INST/PIPE_IF_ID_NPC/Q[1] (REG_N32_0)           0.00       0.09 f
  DATAPATH_INST/INST_DECODE/NPC[1] (DECODE_N32_N_ADDR5_IMM_SIZE16_OP_CODE_SIZE6)
                                                          0.00       0.09 f
  DATAPATH_INST/INST_DECODE/BRANCH_JMP_ADDER/A[1] (RCA_GEN_NO_C_N32)
                                                          0.00       0.09 f
  DATAPATH_INST/INST_DECODE/BRANCH_JMP_ADDER/FAI_0/A (FA_236)
                                                          0.00       0.09 f
  DATAPATH_INST/INST_DECODE/BRANCH_JMP_ADDER/FAI_0/XOR_GATE_1/A (XOR_GATE_1_512)
                                                          0.00       0.09 f
  DATAPATH_INST/INST_DECODE/BRANCH_JMP_ADDER/FAI_0/XOR_GATE_1/U1/Z (XOR2_X1)
                                                          0.08       0.17 f
  DATAPATH_INST/INST_DECODE/BRANCH_JMP_ADDER/FAI_0/XOR_GATE_1/Y (XOR_GATE_1_512)
                                                          0.00       0.17 f
  DATAPATH_INST/INST_DECODE/BRANCH_JMP_ADDER/FAI_0/AND_GATE_2/A (AND_GATE_1_577)
                                                          0.00       0.17 f
  DATAPATH_INST/INST_DECODE/BRANCH_JMP_ADDER/FAI_0/AND_GATE_2/U1/ZN (AND2_X1)
                                                          0.04       0.21 f
  DATAPATH_INST/INST_DECODE/BRANCH_JMP_ADDER/FAI_0/AND_GATE_2/Y (AND_GATE_1_577)
                                                          0.00       0.21 f
  DATAPATH_INST/INST_DECODE/BRANCH_JMP_ADDER/FAI_0/OR_GATE_1/B (OR_GATE_274)
                                                          0.00       0.21 f
  DATAPATH_INST/INST_DECODE/BRANCH_JMP_ADDER/FAI_0/OR_GATE_1/U1/ZN (OR2_X1)
                                                          0.06       0.27 f
  DATAPATH_INST/INST_DECODE/BRANCH_JMP_ADDER/FAI_0/OR_GATE_1/Y (OR_GATE_274)
                                                          0.00       0.27 f
  DATAPATH_INST/INST_DECODE/BRANCH_JMP_ADDER/FAI_0/Co (FA_236)
                                                          0.00       0.27 f
  DATAPATH_INST/INST_DECODE/BRANCH_JMP_ADDER/FAI_1/Ci (FA_235)
                                                          0.00       0.27 f
  DATAPATH_INST/INST_DECODE/BRANCH_JMP_ADDER/FAI_1/AND_GATE_2/B (AND_GATE_1_575)
                                                          0.00       0.27 f
  DATAPATH_INST/INST_DECODE/BRANCH_JMP_ADDER/FAI_1/AND_GATE_2/U1/ZN (AND2_X1)
                                                          0.04       0.31 f
  DATAPATH_INST/INST_DECODE/BRANCH_JMP_ADDER/FAI_1/AND_GATE_2/Y (AND_GATE_1_575)
                                                          0.00       0.31 f
  DATAPATH_INST/INST_DECODE/BRANCH_JMP_ADDER/FAI_1/OR_GATE_1/B (OR_GATE_273)
                                                          0.00       0.31 f
  DATAPATH_INST/INST_DECODE/BRANCH_JMP_ADDER/FAI_1/OR_GATE_1/U1/ZN (OR2_X1)
                                                          0.06       0.37 f
  DATAPATH_INST/INST_DECODE/BRANCH_JMP_ADDER/FAI_1/OR_GATE_1/Y (OR_GATE_273)
                                                          0.00       0.37 f
  DATAPATH_INST/INST_DECODE/BRANCH_JMP_ADDER/FAI_1/Co (FA_235)
                                                          0.00       0.37 f
  DATAPATH_INST/INST_DECODE/BRANCH_JMP_ADDER/FAI_2/Ci (FA_234)
                                                          0.00       0.37 f
  DATAPATH_INST/INST_DECODE/BRANCH_JMP_ADDER/FAI_2/AND_GATE_2/B (AND_GATE_1_573)
                                                          0.00       0.37 f
  DATAPATH_INST/INST_DECODE/BRANCH_JMP_ADDER/FAI_2/AND_GATE_2/U1/ZN (AND2_X1)
                                                          0.04       0.41 f
  DATAPATH_INST/INST_DECODE/BRANCH_JMP_ADDER/FAI_2/AND_GATE_2/Y (AND_GATE_1_573)
                                                          0.00       0.41 f
  DATAPATH_INST/INST_DECODE/BRANCH_JMP_ADDER/FAI_2/OR_GATE_1/B (OR_GATE_272)
                                                          0.00       0.41 f
  DATAPATH_INST/INST_DECODE/BRANCH_JMP_ADDER/FAI_2/OR_GATE_1/U1/ZN (OR2_X1)
                                                          0.06       0.47 f
  DATAPATH_INST/INST_DECODE/BRANCH_JMP_ADDER/FAI_2/OR_GATE_1/Y (OR_GATE_272)
                                                          0.00       0.47 f
  DATAPATH_INST/INST_DECODE/BRANCH_JMP_ADDER/FAI_2/Co (FA_234)
                                                          0.00       0.47 f
  DATAPATH_INST/INST_DECODE/BRANCH_JMP_ADDER/FAI_3/Ci (FA_233)
                                                          0.00       0.47 f
  DATAPATH_INST/INST_DECODE/BRANCH_JMP_ADDER/FAI_3/AND_GATE_2/B (AND_GATE_1_571)
                                                          0.00       0.47 f
  DATAPATH_INST/INST_DECODE/BRANCH_JMP_ADDER/FAI_3/AND_GATE_2/U1/ZN (AND2_X1)
                                                          0.04       0.51 f
  DATAPATH_INST/INST_DECODE/BRANCH_JMP_ADDER/FAI_3/AND_GATE_2/Y (AND_GATE_1_571)
                                                          0.00       0.51 f
  DATAPATH_INST/INST_DECODE/BRANCH_JMP_ADDER/FAI_3/OR_GATE_1/B (OR_GATE_271)
                                                          0.00       0.51 f
  DATAPATH_INST/INST_DECODE/BRANCH_JMP_ADDER/FAI_3/OR_GATE_1/U1/ZN (OR2_X1)
                                                          0.06       0.57 f
  DATAPATH_INST/INST_DECODE/BRANCH_JMP_ADDER/FAI_3/OR_GATE_1/Y (OR_GATE_271)
                                                          0.00       0.57 f
  DATAPATH_INST/INST_DECODE/BRANCH_JMP_ADDER/FAI_3/Co (FA_233)
                                                          0.00       0.57 f
  DATAPATH_INST/INST_DECODE/BRANCH_JMP_ADDER/FAI_4/Ci (FA_232)
                                                          0.00       0.57 f
  DATAPATH_INST/INST_DECODE/BRANCH_JMP_ADDER/FAI_4/AND_GATE_2/B (AND_GATE_1_569)
                                                          0.00       0.57 f
  DATAPATH_INST/INST_DECODE/BRANCH_JMP_ADDER/FAI_4/AND_GATE_2/U1/ZN (AND2_X1)
                                                          0.04       0.60 f
  DATAPATH_INST/INST_DECODE/BRANCH_JMP_ADDER/FAI_4/AND_GATE_2/Y (AND_GATE_1_569)
                                                          0.00       0.60 f
  DATAPATH_INST/INST_DECODE/BRANCH_JMP_ADDER/FAI_4/OR_GATE_1/B (OR_GATE_270)
                                                          0.00       0.60 f
  DATAPATH_INST/INST_DECODE/BRANCH_JMP_ADDER/FAI_4/OR_GATE_1/U1/ZN (OR2_X1)
                                                          0.06       0.67 f
  DATAPATH_INST/INST_DECODE/BRANCH_JMP_ADDER/FAI_4/OR_GATE_1/Y (OR_GATE_270)
                                                          0.00       0.67 f
  DATAPATH_INST/INST_DECODE/BRANCH_JMP_ADDER/FAI_4/Co (FA_232)
                                                          0.00       0.67 f
  DATAPATH_INST/INST_DECODE/BRANCH_JMP_ADDER/FAI_5/Ci (FA_231)
                                                          0.00       0.67 f
  DATAPATH_INST/INST_DECODE/BRANCH_JMP_ADDER/FAI_5/AND_GATE_2/B (AND_GATE_1_567)
                                                          0.00       0.67 f
  DATAPATH_INST/INST_DECODE/BRANCH_JMP_ADDER/FAI_5/AND_GATE_2/U1/ZN (AND2_X1)
                                                          0.04       0.70 f
  DATAPATH_INST/INST_DECODE/BRANCH_JMP_ADDER/FAI_5/AND_GATE_2/Y (AND_GATE_1_567)
                                                          0.00       0.70 f
  DATAPATH_INST/INST_DECODE/BRANCH_JMP_ADDER/FAI_5/OR_GATE_1/B (OR_GATE_269)
                                                          0.00       0.70 f
  DATAPATH_INST/INST_DECODE/BRANCH_JMP_ADDER/FAI_5/OR_GATE_1/U1/ZN (OR2_X1)
                                                          0.06       0.76 f
  DATAPATH_INST/INST_DECODE/BRANCH_JMP_ADDER/FAI_5/OR_GATE_1/Y (OR_GATE_269)
                                                          0.00       0.76 f
  DATAPATH_INST/INST_DECODE/BRANCH_JMP_ADDER/FAI_5/Co (FA_231)
                                                          0.00       0.76 f
  DATAPATH_INST/INST_DECODE/BRANCH_JMP_ADDER/FAI_6/Ci (FA_230)
                                                          0.00       0.76 f
  DATAPATH_INST/INST_DECODE/BRANCH_JMP_ADDER/FAI_6/AND_GATE_2/B (AND_GATE_1_565)
                                                          0.00       0.76 f
  DATAPATH_INST/INST_DECODE/BRANCH_JMP_ADDER/FAI_6/AND_GATE_2/U1/ZN (AND2_X1)
                                                          0.04       0.80 f
  DATAPATH_INST/INST_DECODE/BRANCH_JMP_ADDER/FAI_6/AND_GATE_2/Y (AND_GATE_1_565)
                                                          0.00       0.80 f
  DATAPATH_INST/INST_DECODE/BRANCH_JMP_ADDER/FAI_6/OR_GATE_1/B (OR_GATE_268)
                                                          0.00       0.80 f
  DATAPATH_INST/INST_DECODE/BRANCH_JMP_ADDER/FAI_6/OR_GATE_1/U1/ZN (OR2_X1)
                                                          0.06       0.86 f
  DATAPATH_INST/INST_DECODE/BRANCH_JMP_ADDER/FAI_6/OR_GATE_1/Y (OR_GATE_268)
                                                          0.00       0.86 f
  DATAPATH_INST/INST_DECODE/BRANCH_JMP_ADDER/FAI_6/Co (FA_230)
                                                          0.00       0.86 f
  DATAPATH_INST/INST_DECODE/BRANCH_JMP_ADDER/FAI_7/Ci (FA_229)
                                                          0.00       0.86 f
  DATAPATH_INST/INST_DECODE/BRANCH_JMP_ADDER/FAI_7/AND_GATE_2/B (AND_GATE_1_563)
                                                          0.00       0.86 f
  DATAPATH_INST/INST_DECODE/BRANCH_JMP_ADDER/FAI_7/AND_GATE_2/U1/ZN (AND2_X1)
                                                          0.04       0.90 f
  DATAPATH_INST/INST_DECODE/BRANCH_JMP_ADDER/FAI_7/AND_GATE_2/Y (AND_GATE_1_563)
                                                          0.00       0.90 f
  DATAPATH_INST/INST_DECODE/BRANCH_JMP_ADDER/FAI_7/OR_GATE_1/B (OR_GATE_267)
                                                          0.00       0.90 f
  DATAPATH_INST/INST_DECODE/BRANCH_JMP_ADDER/FAI_7/OR_GATE_1/U1/ZN (OR2_X1)
                                                          0.06       0.96 f
  DATAPATH_INST/INST_DECODE/BRANCH_JMP_ADDER/FAI_7/OR_GATE_1/Y (OR_GATE_267)
                                                          0.00       0.96 f
  DATAPATH_INST/INST_DECODE/BRANCH_JMP_ADDER/FAI_7/Co (FA_229)
                                                          0.00       0.96 f
  DATAPATH_INST/INST_DECODE/BRANCH_JMP_ADDER/FAI_8/Ci (FA_228)
                                                          0.00       0.96 f
  DATAPATH_INST/INST_DECODE/BRANCH_JMP_ADDER/FAI_8/AND_GATE_2/B (AND_GATE_1_561)
                                                          0.00       0.96 f
  DATAPATH_INST/INST_DECODE/BRANCH_JMP_ADDER/FAI_8/AND_GATE_2/U1/ZN (AND2_X1)
                                                          0.04       1.00 f
  DATAPATH_INST/INST_DECODE/BRANCH_JMP_ADDER/FAI_8/AND_GATE_2/Y (AND_GATE_1_561)
                                                          0.00       1.00 f
  DATAPATH_INST/INST_DECODE/BRANCH_JMP_ADDER/FAI_8/OR_GATE_1/B (OR_GATE_266)
                                                          0.00       1.00 f
  DATAPATH_INST/INST_DECODE/BRANCH_JMP_ADDER/FAI_8/OR_GATE_1/U1/ZN (OR2_X1)
                                                          0.06       1.06 f
  DATAPATH_INST/INST_DECODE/BRANCH_JMP_ADDER/FAI_8/OR_GATE_1/Y (OR_GATE_266)
                                                          0.00       1.06 f
  DATAPATH_INST/INST_DECODE/BRANCH_JMP_ADDER/FAI_8/Co (FA_228)
                                                          0.00       1.06 f
  DATAPATH_INST/INST_DECODE/BRANCH_JMP_ADDER/FAI_9/Ci (FA_227)
                                                          0.00       1.06 f
  DATAPATH_INST/INST_DECODE/BRANCH_JMP_ADDER/FAI_9/AND_GATE_2/B (AND_GATE_1_559)
                                                          0.00       1.06 f
  DATAPATH_INST/INST_DECODE/BRANCH_JMP_ADDER/FAI_9/AND_GATE_2/U1/ZN (AND2_X1)
                                                          0.04       1.10 f
  DATAPATH_INST/INST_DECODE/BRANCH_JMP_ADDER/FAI_9/AND_GATE_2/Y (AND_GATE_1_559)
                                                          0.00       1.10 f
  DATAPATH_INST/INST_DECODE/BRANCH_JMP_ADDER/FAI_9/OR_GATE_1/B (OR_GATE_265)
                                                          0.00       1.10 f
  DATAPATH_INST/INST_DECODE/BRANCH_JMP_ADDER/FAI_9/OR_GATE_1/U1/ZN (OR2_X1)
                                                          0.06       1.16 f
  DATAPATH_INST/INST_DECODE/BRANCH_JMP_ADDER/FAI_9/OR_GATE_1/Y (OR_GATE_265)
                                                          0.00       1.16 f
  DATAPATH_INST/INST_DECODE/BRANCH_JMP_ADDER/FAI_9/Co (FA_227)
                                                          0.00       1.16 f
  DATAPATH_INST/INST_DECODE/BRANCH_JMP_ADDER/FAI_10/Ci (FA_226)
                                                          0.00       1.16 f
  DATAPATH_INST/INST_DECODE/BRANCH_JMP_ADDER/FAI_10/AND_GATE_2/B (AND_GATE_1_557)
                                                          0.00       1.16 f
  DATAPATH_INST/INST_DECODE/BRANCH_JMP_ADDER/FAI_10/AND_GATE_2/U1/ZN (AND2_X1)
                                                          0.04       1.20 f
  DATAPATH_INST/INST_DECODE/BRANCH_JMP_ADDER/FAI_10/AND_GATE_2/Y (AND_GATE_1_557)
                                                          0.00       1.20 f
  DATAPATH_INST/INST_DECODE/BRANCH_JMP_ADDER/FAI_10/OR_GATE_1/B (OR_GATE_264)
                                                          0.00       1.20 f
  DATAPATH_INST/INST_DECODE/BRANCH_JMP_ADDER/FAI_10/OR_GATE_1/U1/ZN (OR2_X1)
                                                          0.06       1.26 f
  DATAPATH_INST/INST_DECODE/BRANCH_JMP_ADDER/FAI_10/OR_GATE_1/Y (OR_GATE_264)
                                                          0.00       1.26 f
  DATAPATH_INST/INST_DECODE/BRANCH_JMP_ADDER/FAI_10/Co (FA_226)
                                                          0.00       1.26 f
  DATAPATH_INST/INST_DECODE/BRANCH_JMP_ADDER/FAI_11/Ci (FA_225)
                                                          0.00       1.26 f
  DATAPATH_INST/INST_DECODE/BRANCH_JMP_ADDER/FAI_11/AND_GATE_2/B (AND_GATE_1_555)
                                                          0.00       1.26 f
  DATAPATH_INST/INST_DECODE/BRANCH_JMP_ADDER/FAI_11/AND_GATE_2/U1/ZN (AND2_X1)
                                                          0.04       1.30 f
  DATAPATH_INST/INST_DECODE/BRANCH_JMP_ADDER/FAI_11/AND_GATE_2/Y (AND_GATE_1_555)
                                                          0.00       1.30 f
  DATAPATH_INST/INST_DECODE/BRANCH_JMP_ADDER/FAI_11/OR_GATE_1/B (OR_GATE_263)
                                                          0.00       1.30 f
  DATAPATH_INST/INST_DECODE/BRANCH_JMP_ADDER/FAI_11/OR_GATE_1/U1/ZN (OR2_X1)
                                                          0.06       1.36 f
  DATAPATH_INST/INST_DECODE/BRANCH_JMP_ADDER/FAI_11/OR_GATE_1/Y (OR_GATE_263)
                                                          0.00       1.36 f
  DATAPATH_INST/INST_DECODE/BRANCH_JMP_ADDER/FAI_11/Co (FA_225)
                                                          0.00       1.36 f
  DATAPATH_INST/INST_DECODE/BRANCH_JMP_ADDER/FAI_12/Ci (FA_224)
                                                          0.00       1.36 f
  DATAPATH_INST/INST_DECODE/BRANCH_JMP_ADDER/FAI_12/AND_GATE_2/B (AND_GATE_1_553)
                                                          0.00       1.36 f
  DATAPATH_INST/INST_DECODE/BRANCH_JMP_ADDER/FAI_12/AND_GATE_2/U1/ZN (AND2_X1)
                                                          0.04       1.39 f
  DATAPATH_INST/INST_DECODE/BRANCH_JMP_ADDER/FAI_12/AND_GATE_2/Y (AND_GATE_1_553)
                                                          0.00       1.39 f
  DATAPATH_INST/INST_DECODE/BRANCH_JMP_ADDER/FAI_12/OR_GATE_1/B (OR_GATE_262)
                                                          0.00       1.39 f
  DATAPATH_INST/INST_DECODE/BRANCH_JMP_ADDER/FAI_12/OR_GATE_1/U1/ZN (OR2_X1)
                                                          0.06       1.46 f
  DATAPATH_INST/INST_DECODE/BRANCH_JMP_ADDER/FAI_12/OR_GATE_1/Y (OR_GATE_262)
                                                          0.00       1.46 f
  DATAPATH_INST/INST_DECODE/BRANCH_JMP_ADDER/FAI_12/Co (FA_224)
                                                          0.00       1.46 f
  DATAPATH_INST/INST_DECODE/BRANCH_JMP_ADDER/FAI_13/Ci (FA_223)
                                                          0.00       1.46 f
  DATAPATH_INST/INST_DECODE/BRANCH_JMP_ADDER/FAI_13/AND_GATE_2/B (AND_GATE_1_551)
                                                          0.00       1.46 f
  DATAPATH_INST/INST_DECODE/BRANCH_JMP_ADDER/FAI_13/AND_GATE_2/U1/ZN (AND2_X1)
                                                          0.04       1.49 f
  DATAPATH_INST/INST_DECODE/BRANCH_JMP_ADDER/FAI_13/AND_GATE_2/Y (AND_GATE_1_551)
                                                          0.00       1.49 f
  DATAPATH_INST/INST_DECODE/BRANCH_JMP_ADDER/FAI_13/OR_GATE_1/B (OR_GATE_261)
                                                          0.00       1.49 f
  DATAPATH_INST/INST_DECODE/BRANCH_JMP_ADDER/FAI_13/OR_GATE_1/U1/ZN (OR2_X1)
                                                          0.06       1.55 f
  DATAPATH_INST/INST_DECODE/BRANCH_JMP_ADDER/FAI_13/OR_GATE_1/Y (OR_GATE_261)
                                                          0.00       1.55 f
  DATAPATH_INST/INST_DECODE/BRANCH_JMP_ADDER/FAI_13/Co (FA_223)
                                                          0.00       1.55 f
  DATAPATH_INST/INST_DECODE/BRANCH_JMP_ADDER/FAI_14/Ci (FA_222)
                                                          0.00       1.55 f
  DATAPATH_INST/INST_DECODE/BRANCH_JMP_ADDER/FAI_14/AND_GATE_2/B (AND_GATE_1_549)
                                                          0.00       1.55 f
  DATAPATH_INST/INST_DECODE/BRANCH_JMP_ADDER/FAI_14/AND_GATE_2/U1/ZN (AND2_X1)
                                                          0.04       1.59 f
  DATAPATH_INST/INST_DECODE/BRANCH_JMP_ADDER/FAI_14/AND_GATE_2/Y (AND_GATE_1_549)
                                                          0.00       1.59 f
  DATAPATH_INST/INST_DECODE/BRANCH_JMP_ADDER/FAI_14/OR_GATE_1/B (OR_GATE_260)
                                                          0.00       1.59 f
  DATAPATH_INST/INST_DECODE/BRANCH_JMP_ADDER/FAI_14/OR_GATE_1/U1/ZN (OR2_X1)
                                                          0.06       1.65 f
  DATAPATH_INST/INST_DECODE/BRANCH_JMP_ADDER/FAI_14/OR_GATE_1/Y (OR_GATE_260)
                                                          0.00       1.65 f
  DATAPATH_INST/INST_DECODE/BRANCH_JMP_ADDER/FAI_14/Co (FA_222)
                                                          0.00       1.65 f
  DATAPATH_INST/INST_DECODE/BRANCH_JMP_ADDER/FAI_15/Ci (FA_221)
                                                          0.00       1.65 f
  DATAPATH_INST/INST_DECODE/BRANCH_JMP_ADDER/FAI_15/AND_GATE_2/B (AND_GATE_1_547)
                                                          0.00       1.65 f
  DATAPATH_INST/INST_DECODE/BRANCH_JMP_ADDER/FAI_15/AND_GATE_2/U1/ZN (AND2_X1)
                                                          0.04       1.69 f
  DATAPATH_INST/INST_DECODE/BRANCH_JMP_ADDER/FAI_15/AND_GATE_2/Y (AND_GATE_1_547)
                                                          0.00       1.69 f
  DATAPATH_INST/INST_DECODE/BRANCH_JMP_ADDER/FAI_15/OR_GATE_1/B (OR_GATE_259)
                                                          0.00       1.69 f
  DATAPATH_INST/INST_DECODE/BRANCH_JMP_ADDER/FAI_15/OR_GATE_1/U1/ZN (OR2_X1)
                                                          0.06       1.75 f
  DATAPATH_INST/INST_DECODE/BRANCH_JMP_ADDER/FAI_15/OR_GATE_1/Y (OR_GATE_259)
                                                          0.00       1.75 f
  DATAPATH_INST/INST_DECODE/BRANCH_JMP_ADDER/FAI_15/Co (FA_221)
                                                          0.00       1.75 f
  DATAPATH_INST/INST_DECODE/BRANCH_JMP_ADDER/FAI_16/Ci (FA_220)
                                                          0.00       1.75 f
  DATAPATH_INST/INST_DECODE/BRANCH_JMP_ADDER/FAI_16/AND_GATE_2/B (AND_GATE_1_545)
                                                          0.00       1.75 f
  DATAPATH_INST/INST_DECODE/BRANCH_JMP_ADDER/FAI_16/AND_GATE_2/U1/ZN (AND2_X1)
                                                          0.04       1.79 f
  DATAPATH_INST/INST_DECODE/BRANCH_JMP_ADDER/FAI_16/AND_GATE_2/Y (AND_GATE_1_545)
                                                          0.00       1.79 f
  DATAPATH_INST/INST_DECODE/BRANCH_JMP_ADDER/FAI_16/OR_GATE_1/B (OR_GATE_258)
                                                          0.00       1.79 f
  DATAPATH_INST/INST_DECODE/BRANCH_JMP_ADDER/FAI_16/OR_GATE_1/U1/ZN (OR2_X1)
                                                          0.06       1.85 f
  DATAPATH_INST/INST_DECODE/BRANCH_JMP_ADDER/FAI_16/OR_GATE_1/Y (OR_GATE_258)
                                                          0.00       1.85 f
  DATAPATH_INST/INST_DECODE/BRANCH_JMP_ADDER/FAI_16/Co (FA_220)
                                                          0.00       1.85 f
  DATAPATH_INST/INST_DECODE/BRANCH_JMP_ADDER/FAI_17/Ci (FA_219)
                                                          0.00       1.85 f
  DATAPATH_INST/INST_DECODE/BRANCH_JMP_ADDER/FAI_17/AND_GATE_2/B (AND_GATE_1_543)
                                                          0.00       1.85 f
  DATAPATH_INST/INST_DECODE/BRANCH_JMP_ADDER/FAI_17/AND_GATE_2/U1/ZN (AND2_X1)
                                                          0.04       1.89 f
  DATAPATH_INST/INST_DECODE/BRANCH_JMP_ADDER/FAI_17/AND_GATE_2/Y (AND_GATE_1_543)
                                                          0.00       1.89 f
  DATAPATH_INST/INST_DECODE/BRANCH_JMP_ADDER/FAI_17/OR_GATE_1/B (OR_GATE_257)
                                                          0.00       1.89 f
  DATAPATH_INST/INST_DECODE/BRANCH_JMP_ADDER/FAI_17/OR_GATE_1/U1/ZN (OR2_X1)
                                                          0.06       1.95 f
  DATAPATH_INST/INST_DECODE/BRANCH_JMP_ADDER/FAI_17/OR_GATE_1/Y (OR_GATE_257)
                                                          0.00       1.95 f
  DATAPATH_INST/INST_DECODE/BRANCH_JMP_ADDER/FAI_17/Co (FA_219)
                                                          0.00       1.95 f
  DATAPATH_INST/INST_DECODE/BRANCH_JMP_ADDER/FAI_18/Ci (FA_218)
                                                          0.00       1.95 f
  DATAPATH_INST/INST_DECODE/BRANCH_JMP_ADDER/FAI_18/AND_GATE_2/B (AND_GATE_1_541)
                                                          0.00       1.95 f
  DATAPATH_INST/INST_DECODE/BRANCH_JMP_ADDER/FAI_18/AND_GATE_2/U1/ZN (AND2_X1)
                                                          0.04       1.99 f
  DATAPATH_INST/INST_DECODE/BRANCH_JMP_ADDER/FAI_18/AND_GATE_2/Y (AND_GATE_1_541)
                                                          0.00       1.99 f
  DATAPATH_INST/INST_DECODE/BRANCH_JMP_ADDER/FAI_18/OR_GATE_1/B (OR_GATE_256)
                                                          0.00       1.99 f
  DATAPATH_INST/INST_DECODE/BRANCH_JMP_ADDER/FAI_18/OR_GATE_1/U1/ZN (OR2_X1)
                                                          0.06       2.05 f
  DATAPATH_INST/INST_DECODE/BRANCH_JMP_ADDER/FAI_18/OR_GATE_1/Y (OR_GATE_256)
                                                          0.00       2.05 f
  DATAPATH_INST/INST_DECODE/BRANCH_JMP_ADDER/FAI_18/Co (FA_218)
                                                          0.00       2.05 f
  DATAPATH_INST/INST_DECODE/BRANCH_JMP_ADDER/FAI_19/Ci (FA_217)
                                                          0.00       2.05 f
  DATAPATH_INST/INST_DECODE/BRANCH_JMP_ADDER/FAI_19/AND_GATE_2/B (AND_GATE_1_539)
                                                          0.00       2.05 f
  DATAPATH_INST/INST_DECODE/BRANCH_JMP_ADDER/FAI_19/AND_GATE_2/U1/ZN (AND2_X1)
                                                          0.04       2.09 f
  DATAPATH_INST/INST_DECODE/BRANCH_JMP_ADDER/FAI_19/AND_GATE_2/Y (AND_GATE_1_539)
                                                          0.00       2.09 f
  DATAPATH_INST/INST_DECODE/BRANCH_JMP_ADDER/FAI_19/OR_GATE_1/B (OR_GATE_255)
                                                          0.00       2.09 f
  DATAPATH_INST/INST_DECODE/BRANCH_JMP_ADDER/FAI_19/OR_GATE_1/U1/ZN (OR2_X1)
                                                          0.06       2.15 f
  DATAPATH_INST/INST_DECODE/BRANCH_JMP_ADDER/FAI_19/OR_GATE_1/Y (OR_GATE_255)
                                                          0.00       2.15 f
  DATAPATH_INST/INST_DECODE/BRANCH_JMP_ADDER/FAI_19/Co (FA_217)
                                                          0.00       2.15 f
  DATAPATH_INST/INST_DECODE/BRANCH_JMP_ADDER/FAI_20/Ci (FA_216)
                                                          0.00       2.15 f
  DATAPATH_INST/INST_DECODE/BRANCH_JMP_ADDER/FAI_20/AND_GATE_2/B (AND_GATE_1_537)
                                                          0.00       2.15 f
  DATAPATH_INST/INST_DECODE/BRANCH_JMP_ADDER/FAI_20/AND_GATE_2/U1/ZN (AND2_X1)
                                                          0.04       2.19 f
  DATAPATH_INST/INST_DECODE/BRANCH_JMP_ADDER/FAI_20/AND_GATE_2/Y (AND_GATE_1_537)
                                                          0.00       2.19 f
  DATAPATH_INST/INST_DECODE/BRANCH_JMP_ADDER/FAI_20/OR_GATE_1/B (OR_GATE_254)
                                                          0.00       2.19 f
  DATAPATH_INST/INST_DECODE/BRANCH_JMP_ADDER/FAI_20/OR_GATE_1/U1/ZN (OR2_X1)
                                                          0.06       2.25 f
  DATAPATH_INST/INST_DECODE/BRANCH_JMP_ADDER/FAI_20/OR_GATE_1/Y (OR_GATE_254)
                                                          0.00       2.25 f
  DATAPATH_INST/INST_DECODE/BRANCH_JMP_ADDER/FAI_20/Co (FA_216)
                                                          0.00       2.25 f
  DATAPATH_INST/INST_DECODE/BRANCH_JMP_ADDER/FAI_21/Ci (FA_215)
                                                          0.00       2.25 f
  DATAPATH_INST/INST_DECODE/BRANCH_JMP_ADDER/FAI_21/AND_GATE_2/B (AND_GATE_1_535)
                                                          0.00       2.25 f
  DATAPATH_INST/INST_DECODE/BRANCH_JMP_ADDER/FAI_21/AND_GATE_2/U1/ZN (AND2_X1)
                                                          0.04       2.28 f
  DATAPATH_INST/INST_DECODE/BRANCH_JMP_ADDER/FAI_21/AND_GATE_2/Y (AND_GATE_1_535)
                                                          0.00       2.28 f
  DATAPATH_INST/INST_DECODE/BRANCH_JMP_ADDER/FAI_21/OR_GATE_1/B (OR_GATE_253)
                                                          0.00       2.28 f
  DATAPATH_INST/INST_DECODE/BRANCH_JMP_ADDER/FAI_21/OR_GATE_1/U1/ZN (OR2_X1)
                                                          0.06       2.35 f
  DATAPATH_INST/INST_DECODE/BRANCH_JMP_ADDER/FAI_21/OR_GATE_1/Y (OR_GATE_253)
                                                          0.00       2.35 f
  DATAPATH_INST/INST_DECODE/BRANCH_JMP_ADDER/FAI_21/Co (FA_215)
                                                          0.00       2.35 f
  DATAPATH_INST/INST_DECODE/BRANCH_JMP_ADDER/FAI_22/Ci (FA_214)
                                                          0.00       2.35 f
  DATAPATH_INST/INST_DECODE/BRANCH_JMP_ADDER/FAI_22/AND_GATE_2/B (AND_GATE_1_533)
                                                          0.00       2.35 f
  DATAPATH_INST/INST_DECODE/BRANCH_JMP_ADDER/FAI_22/AND_GATE_2/U1/ZN (AND2_X1)
                                                          0.04       2.38 f
  DATAPATH_INST/INST_DECODE/BRANCH_JMP_ADDER/FAI_22/AND_GATE_2/Y (AND_GATE_1_533)
                                                          0.00       2.38 f
  DATAPATH_INST/INST_DECODE/BRANCH_JMP_ADDER/FAI_22/OR_GATE_1/B (OR_GATE_252)
                                                          0.00       2.38 f
  DATAPATH_INST/INST_DECODE/BRANCH_JMP_ADDER/FAI_22/OR_GATE_1/U1/ZN (OR2_X1)
                                                          0.06       2.44 f
  DATAPATH_INST/INST_DECODE/BRANCH_JMP_ADDER/FAI_22/OR_GATE_1/Y (OR_GATE_252)
                                                          0.00       2.44 f
  DATAPATH_INST/INST_DECODE/BRANCH_JMP_ADDER/FAI_22/Co (FA_214)
                                                          0.00       2.44 f
  DATAPATH_INST/INST_DECODE/BRANCH_JMP_ADDER/FAI_23/Ci (FA_213)
                                                          0.00       2.44 f
  DATAPATH_INST/INST_DECODE/BRANCH_JMP_ADDER/FAI_23/AND_GATE_2/B (AND_GATE_1_531)
                                                          0.00       2.44 f
  DATAPATH_INST/INST_DECODE/BRANCH_JMP_ADDER/FAI_23/AND_GATE_2/U1/ZN (AND2_X1)
                                                          0.04       2.48 f
  DATAPATH_INST/INST_DECODE/BRANCH_JMP_ADDER/FAI_23/AND_GATE_2/Y (AND_GATE_1_531)
                                                          0.00       2.48 f
  DATAPATH_INST/INST_DECODE/BRANCH_JMP_ADDER/FAI_23/OR_GATE_1/B (OR_GATE_251)
                                                          0.00       2.48 f
  DATAPATH_INST/INST_DECODE/BRANCH_JMP_ADDER/FAI_23/OR_GATE_1/U1/ZN (OR2_X1)
                                                          0.06       2.54 f
  DATAPATH_INST/INST_DECODE/BRANCH_JMP_ADDER/FAI_23/OR_GATE_1/Y (OR_GATE_251)
                                                          0.00       2.54 f
  DATAPATH_INST/INST_DECODE/BRANCH_JMP_ADDER/FAI_23/Co (FA_213)
                                                          0.00       2.54 f
  DATAPATH_INST/INST_DECODE/BRANCH_JMP_ADDER/FAI_24/Ci (FA_212)
                                                          0.00       2.54 f
  DATAPATH_INST/INST_DECODE/BRANCH_JMP_ADDER/FAI_24/AND_GATE_2/B (AND_GATE_1_529)
                                                          0.00       2.54 f
  DATAPATH_INST/INST_DECODE/BRANCH_JMP_ADDER/FAI_24/AND_GATE_2/U1/ZN (AND2_X1)
                                                          0.04       2.58 f
  DATAPATH_INST/INST_DECODE/BRANCH_JMP_ADDER/FAI_24/AND_GATE_2/Y (AND_GATE_1_529)
                                                          0.00       2.58 f
  DATAPATH_INST/INST_DECODE/BRANCH_JMP_ADDER/FAI_24/OR_GATE_1/B (OR_GATE_250)
                                                          0.00       2.58 f
  DATAPATH_INST/INST_DECODE/BRANCH_JMP_ADDER/FAI_24/OR_GATE_1/U1/ZN (OR2_X1)
                                                          0.06       2.64 f
  DATAPATH_INST/INST_DECODE/BRANCH_JMP_ADDER/FAI_24/OR_GATE_1/Y (OR_GATE_250)
                                                          0.00       2.64 f
  DATAPATH_INST/INST_DECODE/BRANCH_JMP_ADDER/FAI_24/Co (FA_212)
                                                          0.00       2.64 f
  DATAPATH_INST/INST_DECODE/BRANCH_JMP_ADDER/FAI_25/Ci (FA_211)
                                                          0.00       2.64 f
  DATAPATH_INST/INST_DECODE/BRANCH_JMP_ADDER/FAI_25/AND_GATE_2/B (AND_GATE_1_527)
                                                          0.00       2.64 f
  DATAPATH_INST/INST_DECODE/BRANCH_JMP_ADDER/FAI_25/AND_GATE_2/U1/ZN (AND2_X1)
                                                          0.04       2.68 f
  DATAPATH_INST/INST_DECODE/BRANCH_JMP_ADDER/FAI_25/AND_GATE_2/Y (AND_GATE_1_527)
                                                          0.00       2.68 f
  DATAPATH_INST/INST_DECODE/BRANCH_JMP_ADDER/FAI_25/OR_GATE_1/B (OR_GATE_249)
                                                          0.00       2.68 f
  DATAPATH_INST/INST_DECODE/BRANCH_JMP_ADDER/FAI_25/OR_GATE_1/U1/ZN (OR2_X1)
                                                          0.06       2.74 f
  DATAPATH_INST/INST_DECODE/BRANCH_JMP_ADDER/FAI_25/OR_GATE_1/Y (OR_GATE_249)
                                                          0.00       2.74 f
  DATAPATH_INST/INST_DECODE/BRANCH_JMP_ADDER/FAI_25/Co (FA_211)
                                                          0.00       2.74 f
  DATAPATH_INST/INST_DECODE/BRANCH_JMP_ADDER/FAI_26/Ci (FA_210)
                                                          0.00       2.74 f
  DATAPATH_INST/INST_DECODE/BRANCH_JMP_ADDER/FAI_26/AND_GATE_2/B (AND_GATE_1_525)
                                                          0.00       2.74 f
  DATAPATH_INST/INST_DECODE/BRANCH_JMP_ADDER/FAI_26/AND_GATE_2/U1/ZN (AND2_X1)
                                                          0.04       2.78 f
  DATAPATH_INST/INST_DECODE/BRANCH_JMP_ADDER/FAI_26/AND_GATE_2/Y (AND_GATE_1_525)
                                                          0.00       2.78 f
  DATAPATH_INST/INST_DECODE/BRANCH_JMP_ADDER/FAI_26/OR_GATE_1/B (OR_GATE_248)
                                                          0.00       2.78 f
  DATAPATH_INST/INST_DECODE/BRANCH_JMP_ADDER/FAI_26/OR_GATE_1/U1/ZN (OR2_X1)
                                                          0.06       2.84 f
  DATAPATH_INST/INST_DECODE/BRANCH_JMP_ADDER/FAI_26/OR_GATE_1/Y (OR_GATE_248)
                                                          0.00       2.84 f
  DATAPATH_INST/INST_DECODE/BRANCH_JMP_ADDER/FAI_26/Co (FA_210)
                                                          0.00       2.84 f
  DATAPATH_INST/INST_DECODE/BRANCH_JMP_ADDER/FAI_27/Ci (FA_209)
                                                          0.00       2.84 f
  DATAPATH_INST/INST_DECODE/BRANCH_JMP_ADDER/FAI_27/AND_GATE_2/B (AND_GATE_1_523)
                                                          0.00       2.84 f
  DATAPATH_INST/INST_DECODE/BRANCH_JMP_ADDER/FAI_27/AND_GATE_2/U1/ZN (AND2_X1)
                                                          0.04       2.88 f
  DATAPATH_INST/INST_DECODE/BRANCH_JMP_ADDER/FAI_27/AND_GATE_2/Y (AND_GATE_1_523)
                                                          0.00       2.88 f
  DATAPATH_INST/INST_DECODE/BRANCH_JMP_ADDER/FAI_27/OR_GATE_1/B (OR_GATE_247)
                                                          0.00       2.88 f
  DATAPATH_INST/INST_DECODE/BRANCH_JMP_ADDER/FAI_27/OR_GATE_1/U1/ZN (OR2_X1)
                                                          0.06       2.94 f
  DATAPATH_INST/INST_DECODE/BRANCH_JMP_ADDER/FAI_27/OR_GATE_1/Y (OR_GATE_247)
                                                          0.00       2.94 f
  DATAPATH_INST/INST_DECODE/BRANCH_JMP_ADDER/FAI_27/Co (FA_209)
                                                          0.00       2.94 f
  DATAPATH_INST/INST_DECODE/BRANCH_JMP_ADDER/FAI_28/Ci (FA_208)
                                                          0.00       2.94 f
  DATAPATH_INST/INST_DECODE/BRANCH_JMP_ADDER/FAI_28/AND_GATE_2/B (AND_GATE_1_521)
                                                          0.00       2.94 f
  DATAPATH_INST/INST_DECODE/BRANCH_JMP_ADDER/FAI_28/AND_GATE_2/U1/ZN (AND2_X1)
                                                          0.04       2.98 f
  DATAPATH_INST/INST_DECODE/BRANCH_JMP_ADDER/FAI_28/AND_GATE_2/Y (AND_GATE_1_521)
                                                          0.00       2.98 f
  DATAPATH_INST/INST_DECODE/BRANCH_JMP_ADDER/FAI_28/OR_GATE_1/B (OR_GATE_246)
                                                          0.00       2.98 f
  DATAPATH_INST/INST_DECODE/BRANCH_JMP_ADDER/FAI_28/OR_GATE_1/U1/ZN (OR2_X1)
                                                          0.06       3.04 f
  DATAPATH_INST/INST_DECODE/BRANCH_JMP_ADDER/FAI_28/OR_GATE_1/Y (OR_GATE_246)
                                                          0.00       3.04 f
  DATAPATH_INST/INST_DECODE/BRANCH_JMP_ADDER/FAI_28/Co (FA_208)
                                                          0.00       3.04 f
  DATAPATH_INST/INST_DECODE/BRANCH_JMP_ADDER/FAI_29/Ci (FA_207)
                                                          0.00       3.04 f
  DATAPATH_INST/INST_DECODE/BRANCH_JMP_ADDER/FAI_29/AND_GATE_2/B (AND_GATE_1_519)
                                                          0.00       3.04 f
  DATAPATH_INST/INST_DECODE/BRANCH_JMP_ADDER/FAI_29/AND_GATE_2/U1/ZN (AND2_X1)
                                                          0.04       3.07 f
  DATAPATH_INST/INST_DECODE/BRANCH_JMP_ADDER/FAI_29/AND_GATE_2/Y (AND_GATE_1_519)
                                                          0.00       3.07 f
  DATAPATH_INST/INST_DECODE/BRANCH_JMP_ADDER/FAI_29/OR_GATE_1/B (OR_GATE_245)
                                                          0.00       3.07 f
  DATAPATH_INST/INST_DECODE/BRANCH_JMP_ADDER/FAI_29/OR_GATE_1/U1/ZN (OR2_X1)
                                                          0.06       3.14 f
  DATAPATH_INST/INST_DECODE/BRANCH_JMP_ADDER/FAI_29/OR_GATE_1/Y (OR_GATE_245)
                                                          0.00       3.14 f
  DATAPATH_INST/INST_DECODE/BRANCH_JMP_ADDER/FAI_29/Co (FA_207)
                                                          0.00       3.14 f
  DATAPATH_INST/INST_DECODE/BRANCH_JMP_ADDER/FAI_30/Ci (FA_206)
                                                          0.00       3.14 f
  DATAPATH_INST/INST_DECODE/BRANCH_JMP_ADDER/FAI_30/XOR_GATE_2/B (XOR_GATE_1_451)
                                                          0.00       3.14 f
  DATAPATH_INST/INST_DECODE/BRANCH_JMP_ADDER/FAI_30/XOR_GATE_2/U1/Z (XOR2_X1)
                                                          0.08       3.22 f
  DATAPATH_INST/INST_DECODE/BRANCH_JMP_ADDER/FAI_30/XOR_GATE_2/Y (XOR_GATE_1_451)
                                                          0.00       3.22 f
  DATAPATH_INST/INST_DECODE/BRANCH_JMP_ADDER/FAI_30/S (FA_206)
                                                          0.00       3.22 f
  DATAPATH_INST/INST_DECODE/BRANCH_JMP_ADDER/S[31] (RCA_GEN_NO_C_N32)
                                                          0.00       3.22 f
  DATAPATH_INST/INST_DECODE/NPC_ADDED[31] (DECODE_N32_N_ADDR5_IMM_SIZE16_OP_CODE_SIZE6)
                                                          0.00       3.22 f
  DATAPATH_INST/INST_BPU/DEST_DEC[31] (BPU_N32_OP_CODE_SIZE6_SET_BIT2)
                                                          0.00       3.22 f
  DATAPATH_INST/INST_BPU/CACHE_INST/DATA_IN[31] (CACHE_BPU_N32_SET_BIT2)
                                                          0.00       3.22 f
  DATAPATH_INST/INST_BPU/CACHE_INST/DATA_INST/DATA_IN[31] (CACHE_DATA_BPU_N32_SET_BIT2)
                                                          0.00       3.22 f
  DATAPATH_INST/INST_BPU/CACHE_INST/DATA_INST/U123/Z (MUX2_X1)
                                                          0.07       3.29 f
  DATAPATH_INST/INST_BPU/CACHE_INST/DATA_INST/CACHE_MEM_reg[0][31]/D (DFF_X1)
                                                          0.01       3.30 f
  data arrival time                                                  3.30

  clock CLK' (rise edge)                                  1.00       1.00
  clock network delay (ideal)                             0.00       1.00
  DATAPATH_INST/INST_BPU/CACHE_INST/DATA_INST/CACHE_MEM_reg[0][31]/CK (DFF_X1)
                                                          0.00       1.00 r
  library setup time                                     -0.04       0.96
  data required time                                                 0.96
  --------------------------------------------------------------------------
  data required time                                                 0.96
  data arrival time                                                 -3.30
  --------------------------------------------------------------------------
  slack (VIOLATED)                                                  -2.34


1
