 
****************************************
Report : timing
        -path full
        -delay max
        -max_paths 1
Design : DLX
Version: Z-2007.03-SP1
Date   : Mon Oct 26 04:44:23 2015
****************************************

 # A fanout number of 1000 was used for high fanout net computations.

Operating Conditions: typical   Library: NangateOpenCellLibrary
Wire Load Model Mode: top

  Startpoint: DATAPATH_INST/INST_EXECUTE/ALUCOMP/MULT_INST/PIPE_2_3/FF_12/Q_reg
              (rising edge-triggered flip-flop clocked by CLK)
  Endpoint: DATAPATH_INST/PIPE_EX_MEM_OUTPUT_ALU/FF_30/Q_reg
            (rising edge-triggered flip-flop clocked by CLK)
  Path Group: CLK
  Path Type: max

  Des/Clust/Port     Wire Load Model       Library
  ------------------------------------------------
  DLX                0K_hvratio_1_4        NangateOpenCellLibrary

  Point                                                   Incr       Path
  --------------------------------------------------------------------------
  clock CLK (rise edge)                                   0.00       0.00
  clock network delay (ideal)                             0.00       0.00
  DATAPATH_INST/INST_EXECUTE/ALUCOMP/MULT_INST/PIPE_2_3/FF_12/Q_reg/CK (DFF_X1)
                                                          0.00 #     0.00 r
  DATAPATH_INST/INST_EXECUTE/ALUCOMP/MULT_INST/PIPE_2_3/FF_12/Q_reg/Q (DFF_X1)
                                                          0.08       0.08 f
  DATAPATH_INST/INST_EXECUTE/ALUCOMP/MULT_INST/PIPE_2_3/FF_12/Q (FD_20)
                                                          0.00       0.08 f
  DATAPATH_INST/INST_EXECUTE/ALUCOMP/MULT_INST/PIPE_2_3/Q[12] (REG_N16_2)
                                                          0.00       0.08 f
  DATAPATH_INST/INST_EXECUTE/ALUCOMP/MULT_INST/COMP_3/B[12] (BOOTHMUL_COMP_3)
                                                          0.00       0.08 f
  DATAPATH_INST/INST_EXECUTE/ALUCOMP/MULT_INST/COMP_3/ENCODERS_6/TO_ENC[1] (BOOTH_ENCODER_2)
                                                          0.00       0.08 f
  DATAPATH_INST/INST_EXECUTE/ALUCOMP/MULT_INST/COMP_3/ENCODERS_6/U3/ZN (AND2_X2)
                                                          0.03       0.11 f
  DATAPATH_INST/INST_EXECUTE/ALUCOMP/MULT_INST/COMP_3/ENCODERS_6/U4/ZN (XNOR2_X2)
                                                          0.04       0.15 f
  DATAPATH_INST/INST_EXECUTE/ALUCOMP/MULT_INST/COMP_3/ENCODERS_6/ENC[1] (BOOTH_ENCODER_2)
                                                          0.00       0.15 f
  DATAPATH_INST/INST_EXECUTE/ALUCOMP/MULT_INST/COMP_3/MUX_INST_0/SEL[1] (MUX51_GEN_N19_2)
                                                          0.00       0.15 f
  DATAPATH_INST/INST_EXECUTE/ALUCOMP/MULT_INST/COMP_3/MUX_INST_0/U6/ZN (INV_X2)
                                                          0.02       0.17 r
  DATAPATH_INST/INST_EXECUTE/ALUCOMP/MULT_INST/COMP_3/MUX_INST_0/U4/ZN (AND3_X2)
                                                          0.05       0.23 r
  DATAPATH_INST/INST_EXECUTE/ALUCOMP/MULT_INST/COMP_3/MUX_INST_0/U7/ZN (OR4_X4)
                                                          0.03       0.26 r
  DATAPATH_INST/INST_EXECUTE/ALUCOMP/MULT_INST/COMP_3/MUX_INST_0/U1/ZN (INV_X8)
                                                          0.01       0.27 f
  DATAPATH_INST/INST_EXECUTE/ALUCOMP/MULT_INST/COMP_3/MUX_INST_0/U8/ZN (AOI222_X2)
                                                          0.06       0.33 r
  DATAPATH_INST/INST_EXECUTE/ALUCOMP/MULT_INST/COMP_3/MUX_INST_0/U3/ZN (NAND2_X2)
                                                          0.02       0.35 f
  DATAPATH_INST/INST_EXECUTE/ALUCOMP/MULT_INST/COMP_3/MUX_INST_0/Y[1] (MUX51_GEN_N19_2)
                                                          0.00       0.35 f
  DATAPATH_INST/INST_EXECUTE/ALUCOMP/MULT_INST/COMP_3/RCA_INST_1_0/B[1] (RCA_GEN_NO_C_N19_2)
                                                          0.00       0.35 f
  DATAPATH_INST/INST_EXECUTE/ALUCOMP/MULT_INST/COMP_3/RCA_INST_1_0/FAI_0/B (FA_100)
                                                          0.00       0.35 f
  DATAPATH_INST/INST_EXECUTE/ALUCOMP/MULT_INST/COMP_3/RCA_INST_1_0/FAI_0/XOR_GATE_1/B (XOR_GATE_1_201)
                                                          0.00       0.35 f
  DATAPATH_INST/INST_EXECUTE/ALUCOMP/MULT_INST/COMP_3/RCA_INST_1_0/FAI_0/XOR_GATE_1/U1/Z (XOR2_X1)
                                                          0.05       0.41 f
  DATAPATH_INST/INST_EXECUTE/ALUCOMP/MULT_INST/COMP_3/RCA_INST_1_0/FAI_0/XOR_GATE_1/Y (XOR_GATE_1_201)
                                                          0.00       0.41 f
  DATAPATH_INST/INST_EXECUTE/ALUCOMP/MULT_INST/COMP_3/RCA_INST_1_0/FAI_0/AND_GATE_2/A (AND_GATE_1_200)
                                                          0.00       0.41 f
  DATAPATH_INST/INST_EXECUTE/ALUCOMP/MULT_INST/COMP_3/RCA_INST_1_0/FAI_0/AND_GATE_2/U1/ZN (AND2_X2)
                                                          0.03       0.43 f
  DATAPATH_INST/INST_EXECUTE/ALUCOMP/MULT_INST/COMP_3/RCA_INST_1_0/FAI_0/AND_GATE_2/Y (AND_GATE_1_200)
                                                          0.00       0.43 f
  DATAPATH_INST/INST_EXECUTE/ALUCOMP/MULT_INST/COMP_3/RCA_INST_1_0/FAI_0/OR_GATE_1/B (OR_GATE_100)
                                                          0.00       0.43 f
  DATAPATH_INST/INST_EXECUTE/ALUCOMP/MULT_INST/COMP_3/RCA_INST_1_0/FAI_0/OR_GATE_1/U1/ZN (OR2_X4)
                                                          0.04       0.47 f
  DATAPATH_INST/INST_EXECUTE/ALUCOMP/MULT_INST/COMP_3/RCA_INST_1_0/FAI_0/OR_GATE_1/Y (OR_GATE_100)
                                                          0.00       0.47 f
  DATAPATH_INST/INST_EXECUTE/ALUCOMP/MULT_INST/COMP_3/RCA_INST_1_0/FAI_0/Co (FA_100)
                                                          0.00       0.47 f
  DATAPATH_INST/INST_EXECUTE/ALUCOMP/MULT_INST/COMP_3/RCA_INST_1_0/FAI_1/Ci (FA_99)
                                                          0.00       0.47 f
  DATAPATH_INST/INST_EXECUTE/ALUCOMP/MULT_INST/COMP_3/RCA_INST_1_0/FAI_1/AND_GATE_2/B (AND_GATE_1_198)
                                                          0.00       0.47 f
  DATAPATH_INST/INST_EXECUTE/ALUCOMP/MULT_INST/COMP_3/RCA_INST_1_0/FAI_1/AND_GATE_2/U1/ZN (AND2_X4)
                                                          0.03       0.50 f
  DATAPATH_INST/INST_EXECUTE/ALUCOMP/MULT_INST/COMP_3/RCA_INST_1_0/FAI_1/AND_GATE_2/Y (AND_GATE_1_198)
                                                          0.00       0.50 f
  DATAPATH_INST/INST_EXECUTE/ALUCOMP/MULT_INST/COMP_3/RCA_INST_1_0/FAI_1/OR_GATE_1/B (OR_GATE_99)
                                                          0.00       0.50 f
  DATAPATH_INST/INST_EXECUTE/ALUCOMP/MULT_INST/COMP_3/RCA_INST_1_0/FAI_1/OR_GATE_1/U2/ZN (INV_X4)
                                                          0.01       0.51 r
  DATAPATH_INST/INST_EXECUTE/ALUCOMP/MULT_INST/COMP_3/RCA_INST_1_0/FAI_1/OR_GATE_1/U1/ZN (NAND2_X2)
                                                          0.01       0.52 f
  DATAPATH_INST/INST_EXECUTE/ALUCOMP/MULT_INST/COMP_3/RCA_INST_1_0/FAI_1/OR_GATE_1/Y (OR_GATE_99)
                                                          0.00       0.52 f
  DATAPATH_INST/INST_EXECUTE/ALUCOMP/MULT_INST/COMP_3/RCA_INST_1_0/FAI_1/Co (FA_99)
                                                          0.00       0.52 f
  DATAPATH_INST/INST_EXECUTE/ALUCOMP/MULT_INST/COMP_3/RCA_INST_1_0/FAI_2/Ci (FA_98)
                                                          0.00       0.52 f
  DATAPATH_INST/INST_EXECUTE/ALUCOMP/MULT_INST/COMP_3/RCA_INST_1_0/FAI_2/XOR_GATE_2/B (XOR_GATE_1_196)
                                                          0.00       0.52 f
  DATAPATH_INST/INST_EXECUTE/ALUCOMP/MULT_INST/COMP_3/RCA_INST_1_0/FAI_2/XOR_GATE_2/U1/Z (XOR2_X1)
                                                          0.05       0.57 f
  DATAPATH_INST/INST_EXECUTE/ALUCOMP/MULT_INST/COMP_3/RCA_INST_1_0/FAI_2/XOR_GATE_2/Y (XOR_GATE_1_196)
                                                          0.00       0.57 f
  DATAPATH_INST/INST_EXECUTE/ALUCOMP/MULT_INST/COMP_3/RCA_INST_1_0/FAI_2/S (FA_98)
                                                          0.00       0.57 f
  DATAPATH_INST/INST_EXECUTE/ALUCOMP/MULT_INST/COMP_3/RCA_INST_1_0/S[3] (RCA_GEN_NO_C_N19_2)
                                                          0.00       0.57 f
  DATAPATH_INST/INST_EXECUTE/ALUCOMP/MULT_INST/COMP_3/RCA_INST_1_1/A[1] (RCA_GEN_NO_C_N19_1)
                                                          0.00       0.57 f
  DATAPATH_INST/INST_EXECUTE/ALUCOMP/MULT_INST/COMP_3/RCA_INST_1_1/FAI_0/A (FA_82)
                                                          0.00       0.57 f
  DATAPATH_INST/INST_EXECUTE/ALUCOMP/MULT_INST/COMP_3/RCA_INST_1_1/FAI_0/XOR_GATE_1/A (XOR_GATE_1_164)
                                                          0.00       0.57 f
  DATAPATH_INST/INST_EXECUTE/ALUCOMP/MULT_INST/COMP_3/RCA_INST_1_1/FAI_0/XOR_GATE_1/U1/Z (XOR2_X1)
                                                          0.05       0.63 f
  DATAPATH_INST/INST_EXECUTE/ALUCOMP/MULT_INST/COMP_3/RCA_INST_1_1/FAI_0/XOR_GATE_1/Y (XOR_GATE_1_164)
                                                          0.00       0.63 f
  DATAPATH_INST/INST_EXECUTE/ALUCOMP/MULT_INST/COMP_3/RCA_INST_1_1/FAI_0/AND_GATE_2/A (AND_GATE_1_163)
                                                          0.00       0.63 f
  DATAPATH_INST/INST_EXECUTE/ALUCOMP/MULT_INST/COMP_3/RCA_INST_1_1/FAI_0/AND_GATE_2/U1/ZN (AND2_X2)
                                                          0.03       0.65 f
  DATAPATH_INST/INST_EXECUTE/ALUCOMP/MULT_INST/COMP_3/RCA_INST_1_1/FAI_0/AND_GATE_2/Y (AND_GATE_1_163)
                                                          0.00       0.65 f
  DATAPATH_INST/INST_EXECUTE/ALUCOMP/MULT_INST/COMP_3/RCA_INST_1_1/FAI_0/OR_GATE_1/B (OR_GATE_82)
                                                          0.00       0.65 f
  DATAPATH_INST/INST_EXECUTE/ALUCOMP/MULT_INST/COMP_3/RCA_INST_1_1/FAI_0/OR_GATE_1/U1/ZN (OR2_X2)
                                                          0.05       0.70 f
  DATAPATH_INST/INST_EXECUTE/ALUCOMP/MULT_INST/COMP_3/RCA_INST_1_1/FAI_0/OR_GATE_1/Y (OR_GATE_82)
                                                          0.00       0.70 f
  DATAPATH_INST/INST_EXECUTE/ALUCOMP/MULT_INST/COMP_3/RCA_INST_1_1/FAI_0/Co (FA_82)
                                                          0.00       0.70 f
  DATAPATH_INST/INST_EXECUTE/ALUCOMP/MULT_INST/COMP_3/RCA_INST_1_1/FAI_1/Ci (FA_81)
                                                          0.00       0.70 f
  DATAPATH_INST/INST_EXECUTE/ALUCOMP/MULT_INST/COMP_3/RCA_INST_1_1/FAI_1/AND_GATE_2/B (AND_GATE_1_161)
                                                          0.00       0.70 f
  DATAPATH_INST/INST_EXECUTE/ALUCOMP/MULT_INST/COMP_3/RCA_INST_1_1/FAI_1/AND_GATE_2/U1/ZN (AND2_X2)
                                                          0.03       0.73 f
  DATAPATH_INST/INST_EXECUTE/ALUCOMP/MULT_INST/COMP_3/RCA_INST_1_1/FAI_1/AND_GATE_2/Y (AND_GATE_1_161)
                                                          0.00       0.73 f
  DATAPATH_INST/INST_EXECUTE/ALUCOMP/MULT_INST/COMP_3/RCA_INST_1_1/FAI_1/OR_GATE_1/B (OR_GATE_81)
                                                          0.00       0.73 f
  DATAPATH_INST/INST_EXECUTE/ALUCOMP/MULT_INST/COMP_3/RCA_INST_1_1/FAI_1/OR_GATE_1/U1/ZN (OR2_X2)
                                                          0.05       0.77 f
  DATAPATH_INST/INST_EXECUTE/ALUCOMP/MULT_INST/COMP_3/RCA_INST_1_1/FAI_1/OR_GATE_1/Y (OR_GATE_81)
                                                          0.00       0.77 f
  DATAPATH_INST/INST_EXECUTE/ALUCOMP/MULT_INST/COMP_3/RCA_INST_1_1/FAI_1/Co (FA_81)
                                                          0.00       0.77 f
  DATAPATH_INST/INST_EXECUTE/ALUCOMP/MULT_INST/COMP_3/RCA_INST_1_1/FAI_2/Ci (FA_80)
                                                          0.00       0.77 f
  DATAPATH_INST/INST_EXECUTE/ALUCOMP/MULT_INST/COMP_3/RCA_INST_1_1/FAI_2/AND_GATE_2/B (AND_GATE_1_159)
                                                          0.00       0.77 f
  DATAPATH_INST/INST_EXECUTE/ALUCOMP/MULT_INST/COMP_3/RCA_INST_1_1/FAI_2/AND_GATE_2/U1/ZN (AND2_X2)
                                                          0.03       0.80 f
  DATAPATH_INST/INST_EXECUTE/ALUCOMP/MULT_INST/COMP_3/RCA_INST_1_1/FAI_2/AND_GATE_2/Y (AND_GATE_1_159)
                                                          0.00       0.80 f
  DATAPATH_INST/INST_EXECUTE/ALUCOMP/MULT_INST/COMP_3/RCA_INST_1_1/FAI_2/OR_GATE_1/B (OR_GATE_80)
                                                          0.00       0.80 f
  DATAPATH_INST/INST_EXECUTE/ALUCOMP/MULT_INST/COMP_3/RCA_INST_1_1/FAI_2/OR_GATE_1/U1/ZN (OR2_X4)
                                                          0.04       0.85 f
  DATAPATH_INST/INST_EXECUTE/ALUCOMP/MULT_INST/COMP_3/RCA_INST_1_1/FAI_2/OR_GATE_1/Y (OR_GATE_80)
                                                          0.00       0.85 f
  DATAPATH_INST/INST_EXECUTE/ALUCOMP/MULT_INST/COMP_3/RCA_INST_1_1/FAI_2/Co (FA_80)
                                                          0.00       0.85 f
  DATAPATH_INST/INST_EXECUTE/ALUCOMP/MULT_INST/COMP_3/RCA_INST_1_1/FAI_3/Ci (FA_79)
                                                          0.00       0.85 f
  DATAPATH_INST/INST_EXECUTE/ALUCOMP/MULT_INST/COMP_3/RCA_INST_1_1/FAI_3/AND_GATE_2/B (AND_GATE_1_157)
                                                          0.00       0.85 f
  DATAPATH_INST/INST_EXECUTE/ALUCOMP/MULT_INST/COMP_3/RCA_INST_1_1/FAI_3/AND_GATE_2/U1/ZN (AND2_X4)
                                                          0.02       0.87 f
  DATAPATH_INST/INST_EXECUTE/ALUCOMP/MULT_INST/COMP_3/RCA_INST_1_1/FAI_3/AND_GATE_2/Y (AND_GATE_1_157)
                                                          0.00       0.87 f
  DATAPATH_INST/INST_EXECUTE/ALUCOMP/MULT_INST/COMP_3/RCA_INST_1_1/FAI_3/OR_GATE_1/B (OR_GATE_79)
                                                          0.00       0.87 f
  DATAPATH_INST/INST_EXECUTE/ALUCOMP/MULT_INST/COMP_3/RCA_INST_1_1/FAI_3/OR_GATE_1/U1/ZN (OR2_X4)
                                                          0.04       0.91 f
  DATAPATH_INST/INST_EXECUTE/ALUCOMP/MULT_INST/COMP_3/RCA_INST_1_1/FAI_3/OR_GATE_1/Y (OR_GATE_79)
                                                          0.00       0.91 f
  DATAPATH_INST/INST_EXECUTE/ALUCOMP/MULT_INST/COMP_3/RCA_INST_1_1/FAI_3/Co (FA_79)
                                                          0.00       0.91 f
  DATAPATH_INST/INST_EXECUTE/ALUCOMP/MULT_INST/COMP_3/RCA_INST_1_1/FAI_4/Ci (FA_78)
                                                          0.00       0.91 f
  DATAPATH_INST/INST_EXECUTE/ALUCOMP/MULT_INST/COMP_3/RCA_INST_1_1/FAI_4/AND_GATE_2/B (AND_GATE_1_155)
                                                          0.00       0.91 f
  DATAPATH_INST/INST_EXECUTE/ALUCOMP/MULT_INST/COMP_3/RCA_INST_1_1/FAI_4/AND_GATE_2/U1/ZN (AND2_X2)
                                                          0.02       0.94 f
  DATAPATH_INST/INST_EXECUTE/ALUCOMP/MULT_INST/COMP_3/RCA_INST_1_1/FAI_4/AND_GATE_2/Y (AND_GATE_1_155)
                                                          0.00       0.94 f
  DATAPATH_INST/INST_EXECUTE/ALUCOMP/MULT_INST/COMP_3/RCA_INST_1_1/FAI_4/OR_GATE_1/B (OR_GATE_78)
                                                          0.00       0.94 f
  DATAPATH_INST/INST_EXECUTE/ALUCOMP/MULT_INST/COMP_3/RCA_INST_1_1/FAI_4/OR_GATE_1/U3/ZN (INV_X1)
                                                          0.01       0.95 r
  DATAPATH_INST/INST_EXECUTE/ALUCOMP/MULT_INST/COMP_3/RCA_INST_1_1/FAI_4/OR_GATE_1/U2/ZN (NAND2_X1)
                                                          0.02       0.96 f
  DATAPATH_INST/INST_EXECUTE/ALUCOMP/MULT_INST/COMP_3/RCA_INST_1_1/FAI_4/OR_GATE_1/Y (OR_GATE_78)
                                                          0.00       0.96 f
  DATAPATH_INST/INST_EXECUTE/ALUCOMP/MULT_INST/COMP_3/RCA_INST_1_1/FAI_4/Co (FA_78)
                                                          0.00       0.96 f
  DATAPATH_INST/INST_EXECUTE/ALUCOMP/MULT_INST/COMP_3/RCA_INST_1_1/FAI_5/Ci (FA_77)
                                                          0.00       0.96 f
  DATAPATH_INST/INST_EXECUTE/ALUCOMP/MULT_INST/COMP_3/RCA_INST_1_1/FAI_5/AND_GATE_2/B (AND_GATE_1_153)
                                                          0.00       0.96 f
  DATAPATH_INST/INST_EXECUTE/ALUCOMP/MULT_INST/COMP_3/RCA_INST_1_1/FAI_5/AND_GATE_2/U1/ZN (AND2_X1)
                                                          0.03       1.00 f
  DATAPATH_INST/INST_EXECUTE/ALUCOMP/MULT_INST/COMP_3/RCA_INST_1_1/FAI_5/AND_GATE_2/Y (AND_GATE_1_153)
                                                          0.00       1.00 f
  DATAPATH_INST/INST_EXECUTE/ALUCOMP/MULT_INST/COMP_3/RCA_INST_1_1/FAI_5/OR_GATE_1/B (OR_GATE_77)
                                                          0.00       1.00 f
  DATAPATH_INST/INST_EXECUTE/ALUCOMP/MULT_INST/COMP_3/RCA_INST_1_1/FAI_5/OR_GATE_1/U1/ZN (OR2_X4)
                                                          0.04       1.04 f
  DATAPATH_INST/INST_EXECUTE/ALUCOMP/MULT_INST/COMP_3/RCA_INST_1_1/FAI_5/OR_GATE_1/Y (OR_GATE_77)
                                                          0.00       1.04 f
  DATAPATH_INST/INST_EXECUTE/ALUCOMP/MULT_INST/COMP_3/RCA_INST_1_1/FAI_5/Co (FA_77)
                                                          0.00       1.04 f
  DATAPATH_INST/INST_EXECUTE/ALUCOMP/MULT_INST/COMP_3/RCA_INST_1_1/FAI_6/Ci (FA_76)
                                                          0.00       1.04 f
  DATAPATH_INST/INST_EXECUTE/ALUCOMP/MULT_INST/COMP_3/RCA_INST_1_1/FAI_6/AND_GATE_2/B (AND_GATE_1_151)
                                                          0.00       1.04 f
  DATAPATH_INST/INST_EXECUTE/ALUCOMP/MULT_INST/COMP_3/RCA_INST_1_1/FAI_6/AND_GATE_2/U1/ZN (AND2_X2)
                                                          0.03       1.07 f
  DATAPATH_INST/INST_EXECUTE/ALUCOMP/MULT_INST/COMP_3/RCA_INST_1_1/FAI_6/AND_GATE_2/Y (AND_GATE_1_151)
                                                          0.00       1.07 f
  DATAPATH_INST/INST_EXECUTE/ALUCOMP/MULT_INST/COMP_3/RCA_INST_1_1/FAI_6/OR_GATE_1/B (OR_GATE_76)
                                                          0.00       1.07 f
  DATAPATH_INST/INST_EXECUTE/ALUCOMP/MULT_INST/COMP_3/RCA_INST_1_1/FAI_6/OR_GATE_1/U1/ZN (OR2_X4)
                                                          0.04       1.11 f
  DATAPATH_INST/INST_EXECUTE/ALUCOMP/MULT_INST/COMP_3/RCA_INST_1_1/FAI_6/OR_GATE_1/Y (OR_GATE_76)
                                                          0.00       1.11 f
  DATAPATH_INST/INST_EXECUTE/ALUCOMP/MULT_INST/COMP_3/RCA_INST_1_1/FAI_6/Co (FA_76)
                                                          0.00       1.11 f
  DATAPATH_INST/INST_EXECUTE/ALUCOMP/MULT_INST/COMP_3/RCA_INST_1_1/FAI_7/Ci (FA_75)
                                                          0.00       1.11 f
  DATAPATH_INST/INST_EXECUTE/ALUCOMP/MULT_INST/COMP_3/RCA_INST_1_1/FAI_7/AND_GATE_2/B (AND_GATE_1_149)
                                                          0.00       1.11 f
  DATAPATH_INST/INST_EXECUTE/ALUCOMP/MULT_INST/COMP_3/RCA_INST_1_1/FAI_7/AND_GATE_2/U1/ZN (AND2_X1)
                                                          0.03       1.13 f
  DATAPATH_INST/INST_EXECUTE/ALUCOMP/MULT_INST/COMP_3/RCA_INST_1_1/FAI_7/AND_GATE_2/Y (AND_GATE_1_149)
                                                          0.00       1.13 f
  DATAPATH_INST/INST_EXECUTE/ALUCOMP/MULT_INST/COMP_3/RCA_INST_1_1/FAI_7/OR_GATE_1/B (OR_GATE_75)
                                                          0.00       1.13 f
  DATAPATH_INST/INST_EXECUTE/ALUCOMP/MULT_INST/COMP_3/RCA_INST_1_1/FAI_7/OR_GATE_1/U1/ZN (OR2_X1)
                                                          0.05       1.19 f
  DATAPATH_INST/INST_EXECUTE/ALUCOMP/MULT_INST/COMP_3/RCA_INST_1_1/FAI_7/OR_GATE_1/Y (OR_GATE_75)
                                                          0.00       1.19 f
  DATAPATH_INST/INST_EXECUTE/ALUCOMP/MULT_INST/COMP_3/RCA_INST_1_1/FAI_7/Co (FA_75)
                                                          0.00       1.19 f
  DATAPATH_INST/INST_EXECUTE/ALUCOMP/MULT_INST/COMP_3/RCA_INST_1_1/FAI_8/Ci (FA_74)
                                                          0.00       1.19 f
  DATAPATH_INST/INST_EXECUTE/ALUCOMP/MULT_INST/COMP_3/RCA_INST_1_1/FAI_8/AND_GATE_2/B (AND_GATE_1_147)
                                                          0.00       1.19 f
  DATAPATH_INST/INST_EXECUTE/ALUCOMP/MULT_INST/COMP_3/RCA_INST_1_1/FAI_8/AND_GATE_2/U1/ZN (AND2_X1)
                                                          0.03       1.22 f
  DATAPATH_INST/INST_EXECUTE/ALUCOMP/MULT_INST/COMP_3/RCA_INST_1_1/FAI_8/AND_GATE_2/Y (AND_GATE_1_147)
                                                          0.00       1.22 f
  DATAPATH_INST/INST_EXECUTE/ALUCOMP/MULT_INST/COMP_3/RCA_INST_1_1/FAI_8/OR_GATE_1/B (OR_GATE_74)
                                                          0.00       1.22 f
  DATAPATH_INST/INST_EXECUTE/ALUCOMP/MULT_INST/COMP_3/RCA_INST_1_1/FAI_8/OR_GATE_1/U1/ZN (OR2_X2)
                                                          0.05       1.26 f
  DATAPATH_INST/INST_EXECUTE/ALUCOMP/MULT_INST/COMP_3/RCA_INST_1_1/FAI_8/OR_GATE_1/Y (OR_GATE_74)
                                                          0.00       1.26 f
  DATAPATH_INST/INST_EXECUTE/ALUCOMP/MULT_INST/COMP_3/RCA_INST_1_1/FAI_8/Co (FA_74)
                                                          0.00       1.26 f
  DATAPATH_INST/INST_EXECUTE/ALUCOMP/MULT_INST/COMP_3/RCA_INST_1_1/FAI_9/Ci (FA_73)
                                                          0.00       1.26 f
  DATAPATH_INST/INST_EXECUTE/ALUCOMP/MULT_INST/COMP_3/RCA_INST_1_1/FAI_9/AND_GATE_2/B (AND_GATE_1_145)
                                                          0.00       1.26 f
  DATAPATH_INST/INST_EXECUTE/ALUCOMP/MULT_INST/COMP_3/RCA_INST_1_1/FAI_9/AND_GATE_2/U1/ZN (AND2_X1)
                                                          0.03       1.29 f
  DATAPATH_INST/INST_EXECUTE/ALUCOMP/MULT_INST/COMP_3/RCA_INST_1_1/FAI_9/AND_GATE_2/Y (AND_GATE_1_145)
                                                          0.00       1.29 f
  DATAPATH_INST/INST_EXECUTE/ALUCOMP/MULT_INST/COMP_3/RCA_INST_1_1/FAI_9/OR_GATE_1/B (OR_GATE_73)
                                                          0.00       1.29 f
  DATAPATH_INST/INST_EXECUTE/ALUCOMP/MULT_INST/COMP_3/RCA_INST_1_1/FAI_9/OR_GATE_1/U1/ZN (OR2_X1)
                                                          0.05       1.34 f
  DATAPATH_INST/INST_EXECUTE/ALUCOMP/MULT_INST/COMP_3/RCA_INST_1_1/FAI_9/OR_GATE_1/Y (OR_GATE_73)
                                                          0.00       1.34 f
  DATAPATH_INST/INST_EXECUTE/ALUCOMP/MULT_INST/COMP_3/RCA_INST_1_1/FAI_9/Co (FA_73)
                                                          0.00       1.34 f
  DATAPATH_INST/INST_EXECUTE/ALUCOMP/MULT_INST/COMP_3/RCA_INST_1_1/FAI_10/Ci (FA_72)
                                                          0.00       1.34 f
  DATAPATH_INST/INST_EXECUTE/ALUCOMP/MULT_INST/COMP_3/RCA_INST_1_1/FAI_10/AND_GATE_2/B (AND_GATE_1_143)
                                                          0.00       1.34 f
  DATAPATH_INST/INST_EXECUTE/ALUCOMP/MULT_INST/COMP_3/RCA_INST_1_1/FAI_10/AND_GATE_2/U1/ZN (AND2_X2)
                                                          0.03       1.37 f
  DATAPATH_INST/INST_EXECUTE/ALUCOMP/MULT_INST/COMP_3/RCA_INST_1_1/FAI_10/AND_GATE_2/Y (AND_GATE_1_143)
                                                          0.00       1.37 f
  DATAPATH_INST/INST_EXECUTE/ALUCOMP/MULT_INST/COMP_3/RCA_INST_1_1/FAI_10/OR_GATE_1/B (OR_GATE_72)
                                                          0.00       1.37 f
  DATAPATH_INST/INST_EXECUTE/ALUCOMP/MULT_INST/COMP_3/RCA_INST_1_1/FAI_10/OR_GATE_1/U1/ZN (OR2_X4)
                                                          0.04       1.41 f
  DATAPATH_INST/INST_EXECUTE/ALUCOMP/MULT_INST/COMP_3/RCA_INST_1_1/FAI_10/OR_GATE_1/Y (OR_GATE_72)
                                                          0.00       1.41 f
  DATAPATH_INST/INST_EXECUTE/ALUCOMP/MULT_INST/COMP_3/RCA_INST_1_1/FAI_10/Co (FA_72)
                                                          0.00       1.41 f
  DATAPATH_INST/INST_EXECUTE/ALUCOMP/MULT_INST/COMP_3/RCA_INST_1_1/FAI_11/Ci (FA_71)
                                                          0.00       1.41 f
  DATAPATH_INST/INST_EXECUTE/ALUCOMP/MULT_INST/COMP_3/RCA_INST_1_1/FAI_11/AND_GATE_2/B (AND_GATE_1_141)
                                                          0.00       1.41 f
  DATAPATH_INST/INST_EXECUTE/ALUCOMP/MULT_INST/COMP_3/RCA_INST_1_1/FAI_11/AND_GATE_2/U1/ZN (AND2_X4)
                                                          0.02       1.44 f
  DATAPATH_INST/INST_EXECUTE/ALUCOMP/MULT_INST/COMP_3/RCA_INST_1_1/FAI_11/AND_GATE_2/Y (AND_GATE_1_141)
                                                          0.00       1.44 f
  DATAPATH_INST/INST_EXECUTE/ALUCOMP/MULT_INST/COMP_3/RCA_INST_1_1/FAI_11/OR_GATE_1/B (OR_GATE_71)
                                                          0.00       1.44 f
  DATAPATH_INST/INST_EXECUTE/ALUCOMP/MULT_INST/COMP_3/RCA_INST_1_1/FAI_11/OR_GATE_1/U1/ZN (OR2_X4)
                                                          0.04       1.48 f
  DATAPATH_INST/INST_EXECUTE/ALUCOMP/MULT_INST/COMP_3/RCA_INST_1_1/FAI_11/OR_GATE_1/Y (OR_GATE_71)
                                                          0.00       1.48 f
  DATAPATH_INST/INST_EXECUTE/ALUCOMP/MULT_INST/COMP_3/RCA_INST_1_1/FAI_11/Co (FA_71)
                                                          0.00       1.48 f
  DATAPATH_INST/INST_EXECUTE/ALUCOMP/MULT_INST/COMP_3/RCA_INST_1_1/FAI_12/Ci (FA_70)
                                                          0.00       1.48 f
  DATAPATH_INST/INST_EXECUTE/ALUCOMP/MULT_INST/COMP_3/RCA_INST_1_1/FAI_12/AND_GATE_2/B (AND_GATE_1_139)
                                                          0.00       1.48 f
  DATAPATH_INST/INST_EXECUTE/ALUCOMP/MULT_INST/COMP_3/RCA_INST_1_1/FAI_12/AND_GATE_2/U1/ZN (AND2_X1)
                                                          0.03       1.51 f
  DATAPATH_INST/INST_EXECUTE/ALUCOMP/MULT_INST/COMP_3/RCA_INST_1_1/FAI_12/AND_GATE_2/Y (AND_GATE_1_139)
                                                          0.00       1.51 f
  DATAPATH_INST/INST_EXECUTE/ALUCOMP/MULT_INST/COMP_3/RCA_INST_1_1/FAI_12/OR_GATE_1/B (OR_GATE_70)
                                                          0.00       1.51 f
  DATAPATH_INST/INST_EXECUTE/ALUCOMP/MULT_INST/COMP_3/RCA_INST_1_1/FAI_12/OR_GATE_1/U1/ZN (OR2_X2)
                                                          0.05       1.56 f
  DATAPATH_INST/INST_EXECUTE/ALUCOMP/MULT_INST/COMP_3/RCA_INST_1_1/FAI_12/OR_GATE_1/Y (OR_GATE_70)
                                                          0.00       1.56 f
  DATAPATH_INST/INST_EXECUTE/ALUCOMP/MULT_INST/COMP_3/RCA_INST_1_1/FAI_12/Co (FA_70)
                                                          0.00       1.56 f
  DATAPATH_INST/INST_EXECUTE/ALUCOMP/MULT_INST/COMP_3/RCA_INST_1_1/FAI_13/Ci (FA_69)
                                                          0.00       1.56 f
  DATAPATH_INST/INST_EXECUTE/ALUCOMP/MULT_INST/COMP_3/RCA_INST_1_1/FAI_13/AND_GATE_2/B (AND_GATE_1_137)
                                                          0.00       1.56 f
  DATAPATH_INST/INST_EXECUTE/ALUCOMP/MULT_INST/COMP_3/RCA_INST_1_1/FAI_13/AND_GATE_2/U1/ZN (AND2_X4)
                                                          0.03       1.58 f
  DATAPATH_INST/INST_EXECUTE/ALUCOMP/MULT_INST/COMP_3/RCA_INST_1_1/FAI_13/AND_GATE_2/Y (AND_GATE_1_137)
                                                          0.00       1.58 f
  DATAPATH_INST/INST_EXECUTE/ALUCOMP/MULT_INST/COMP_3/RCA_INST_1_1/FAI_13/OR_GATE_1/B (OR_GATE_69)
                                                          0.00       1.58 f
  DATAPATH_INST/INST_EXECUTE/ALUCOMP/MULT_INST/COMP_3/RCA_INST_1_1/FAI_13/OR_GATE_1/U1/ZN (OR2_X4)
                                                          0.04       1.62 f
  DATAPATH_INST/INST_EXECUTE/ALUCOMP/MULT_INST/COMP_3/RCA_INST_1_1/FAI_13/OR_GATE_1/Y (OR_GATE_69)
                                                          0.00       1.62 f
  DATAPATH_INST/INST_EXECUTE/ALUCOMP/MULT_INST/COMP_3/RCA_INST_1_1/FAI_13/Co (FA_69)
                                                          0.00       1.62 f
  DATAPATH_INST/INST_EXECUTE/ALUCOMP/MULT_INST/COMP_3/RCA_INST_1_1/FAI_14/Ci (FA_68)
                                                          0.00       1.62 f
  DATAPATH_INST/INST_EXECUTE/ALUCOMP/MULT_INST/COMP_3/RCA_INST_1_1/FAI_14/AND_GATE_2/B (AND_GATE_1_135)
                                                          0.00       1.62 f
  DATAPATH_INST/INST_EXECUTE/ALUCOMP/MULT_INST/COMP_3/RCA_INST_1_1/FAI_14/AND_GATE_2/U1/ZN (AND2_X2)
                                                          0.02       1.65 f
  DATAPATH_INST/INST_EXECUTE/ALUCOMP/MULT_INST/COMP_3/RCA_INST_1_1/FAI_14/AND_GATE_2/Y (AND_GATE_1_135)
                                                          0.00       1.65 f
  DATAPATH_INST/INST_EXECUTE/ALUCOMP/MULT_INST/COMP_3/RCA_INST_1_1/FAI_14/OR_GATE_1/B (OR_GATE_68)
                                                          0.00       1.65 f
  DATAPATH_INST/INST_EXECUTE/ALUCOMP/MULT_INST/COMP_3/RCA_INST_1_1/FAI_14/OR_GATE_1/U3/ZN (INV_X1)
                                                          0.01       1.66 r
  DATAPATH_INST/INST_EXECUTE/ALUCOMP/MULT_INST/COMP_3/RCA_INST_1_1/FAI_14/OR_GATE_1/U1/ZN (NAND2_X1)
                                                          0.02       1.68 f
  DATAPATH_INST/INST_EXECUTE/ALUCOMP/MULT_INST/COMP_3/RCA_INST_1_1/FAI_14/OR_GATE_1/Y (OR_GATE_68)
                                                          0.00       1.68 f
  DATAPATH_INST/INST_EXECUTE/ALUCOMP/MULT_INST/COMP_3/RCA_INST_1_1/FAI_14/Co (FA_68)
                                                          0.00       1.68 f
  DATAPATH_INST/INST_EXECUTE/ALUCOMP/MULT_INST/COMP_3/RCA_INST_1_1/FAI_15/Ci (FA_67)
                                                          0.00       1.68 f
  DATAPATH_INST/INST_EXECUTE/ALUCOMP/MULT_INST/COMP_3/RCA_INST_1_1/FAI_15/AND_GATE_2/B (AND_GATE_1_133)
                                                          0.00       1.68 f
  DATAPATH_INST/INST_EXECUTE/ALUCOMP/MULT_INST/COMP_3/RCA_INST_1_1/FAI_15/AND_GATE_2/U1/ZN (AND2_X2)
                                                          0.03       1.71 f
  DATAPATH_INST/INST_EXECUTE/ALUCOMP/MULT_INST/COMP_3/RCA_INST_1_1/FAI_15/AND_GATE_2/Y (AND_GATE_1_133)
                                                          0.00       1.71 f
  DATAPATH_INST/INST_EXECUTE/ALUCOMP/MULT_INST/COMP_3/RCA_INST_1_1/FAI_15/OR_GATE_1/B (OR_GATE_67)
                                                          0.00       1.71 f
  DATAPATH_INST/INST_EXECUTE/ALUCOMP/MULT_INST/COMP_3/RCA_INST_1_1/FAI_15/OR_GATE_1/U2/ZN (INV_X4)
                                                          0.01       1.72 r
  DATAPATH_INST/INST_EXECUTE/ALUCOMP/MULT_INST/COMP_3/RCA_INST_1_1/FAI_15/OR_GATE_1/U3/ZN (NAND2_X4)
                                                          0.01       1.73 f
  DATAPATH_INST/INST_EXECUTE/ALUCOMP/MULT_INST/COMP_3/RCA_INST_1_1/FAI_15/OR_GATE_1/Y (OR_GATE_67)
                                                          0.00       1.73 f
  DATAPATH_INST/INST_EXECUTE/ALUCOMP/MULT_INST/COMP_3/RCA_INST_1_1/FAI_15/Co (FA_67)
                                                          0.00       1.73 f
  DATAPATH_INST/INST_EXECUTE/ALUCOMP/MULT_INST/COMP_3/RCA_INST_1_1/FAI_16/Ci (FA_66)
                                                          0.00       1.73 f
  DATAPATH_INST/INST_EXECUTE/ALUCOMP/MULT_INST/COMP_3/RCA_INST_1_1/FAI_16/AND_GATE_2/B (AND_GATE_1_131)
                                                          0.00       1.73 f
  DATAPATH_INST/INST_EXECUTE/ALUCOMP/MULT_INST/COMP_3/RCA_INST_1_1/FAI_16/AND_GATE_2/U1/ZN (AND2_X4)
                                                          0.02       1.76 f
  DATAPATH_INST/INST_EXECUTE/ALUCOMP/MULT_INST/COMP_3/RCA_INST_1_1/FAI_16/AND_GATE_2/Y (AND_GATE_1_131)
                                                          0.00       1.76 f
  DATAPATH_INST/INST_EXECUTE/ALUCOMP/MULT_INST/COMP_3/RCA_INST_1_1/FAI_16/OR_GATE_1/B (OR_GATE_66)
                                                          0.00       1.76 f
  DATAPATH_INST/INST_EXECUTE/ALUCOMP/MULT_INST/COMP_3/RCA_INST_1_1/FAI_16/OR_GATE_1/U1/ZN (OR2_X4)
                                                          0.04       1.80 f
  DATAPATH_INST/INST_EXECUTE/ALUCOMP/MULT_INST/COMP_3/RCA_INST_1_1/FAI_16/OR_GATE_1/Y (OR_GATE_66)
                                                          0.00       1.80 f
  DATAPATH_INST/INST_EXECUTE/ALUCOMP/MULT_INST/COMP_3/RCA_INST_1_1/FAI_16/Co (FA_66)
                                                          0.00       1.80 f
  DATAPATH_INST/INST_EXECUTE/ALUCOMP/MULT_INST/COMP_3/RCA_INST_1_1/FAI_17/Ci (FA_65)
                                                          0.00       1.80 f
  DATAPATH_INST/INST_EXECUTE/ALUCOMP/MULT_INST/COMP_3/RCA_INST_1_1/FAI_17/XOR_GATE_2/B (XOR_GATE_1_129)
                                                          0.00       1.80 f
  DATAPATH_INST/INST_EXECUTE/ALUCOMP/MULT_INST/COMP_3/RCA_INST_1_1/FAI_17/XOR_GATE_2/U1/Z (XOR2_X2)
                                                          0.05       1.85 f
  DATAPATH_INST/INST_EXECUTE/ALUCOMP/MULT_INST/COMP_3/RCA_INST_1_1/FAI_17/XOR_GATE_2/Y (XOR_GATE_1_129)
                                                          0.00       1.85 f
  DATAPATH_INST/INST_EXECUTE/ALUCOMP/MULT_INST/COMP_3/RCA_INST_1_1/FAI_17/S (FA_65)
                                                          0.00       1.85 f
  DATAPATH_INST/INST_EXECUTE/ALUCOMP/MULT_INST/COMP_3/RCA_INST_1_1/S[18] (RCA_GEN_NO_C_N19_1)
                                                          0.00       1.85 f
  DATAPATH_INST/INST_EXECUTE/ALUCOMP/MULT_INST/COMP_3/P[20] (BOOTHMUL_COMP_3)
                                                          0.00       1.85 f
  DATAPATH_INST/INST_EXECUTE/ALUCOMP/MULT_INST/P[30] (BOOTHMUL)
                                                          0.00       1.85 f
  DATAPATH_INST/INST_EXECUTE/ALUCOMP/MUXING/E[30] (MUX61_GEN_N32)
                                                          0.00       1.85 f
  DATAPATH_INST/INST_EXECUTE/ALUCOMP/MUXING/U8/ZN (NAND2_X1)
                                                          0.01       1.86 r
  DATAPATH_INST/INST_EXECUTE/ALUCOMP/MUXING/U3/ZN (AND3_X1)
                                                          0.04       1.90 r
  DATAPATH_INST/INST_EXECUTE/ALUCOMP/MUXING/U83/ZN (NAND2_X1)
                                                          0.02       1.92 f
  DATAPATH_INST/INST_EXECUTE/ALUCOMP/MUXING/Y[30] (MUX61_GEN_N32)
                                                          0.00       1.92 f
  DATAPATH_INST/INST_EXECUTE/ALUCOMP/OUT_ALU[30] (ALU_N32_ALU_SIZE5)
                                                          0.00       1.92 f
  DATAPATH_INST/INST_EXECUTE/OUTPUT_ALU[30] (EXECUTE_N32_N_ADDR5_ALUSIZE5)
                                                          0.00       1.92 f
  DATAPATH_INST/PIPE_EX_MEM_OUTPUT_ALU/D[30] (REG_N32_9)
                                                          0.00       1.92 f
  DATAPATH_INST/PIPE_EX_MEM_OUTPUT_ALU/FF_30/D (FD_1_348)
                                                          0.00       1.92 f
  DATAPATH_INST/PIPE_EX_MEM_OUTPUT_ALU/FF_30/U3/ZN (AOI22_X2)
                                                          0.03       1.95 r
  DATAPATH_INST/PIPE_EX_MEM_OUTPUT_ALU/FF_30/U4/ZN (NOR2_X1)
                                                          0.01       1.96 f
  DATAPATH_INST/PIPE_EX_MEM_OUTPUT_ALU/FF_30/Q_reg/D (DFF_X1)
                                                          0.00       1.96 f
  data arrival time                                                  1.96

  clock CLK (rise edge)                                   2.00       2.00
  clock network delay (ideal)                             0.00       2.00
  DATAPATH_INST/PIPE_EX_MEM_OUTPUT_ALU/FF_30/Q_reg/CK (DFF_X1)
                                                          0.00       2.00 r
  library setup time                                     -0.04       1.96
  data required time                                                 1.96
  --------------------------------------------------------------------------
  data required time                                                 1.96
  data arrival time                                                 -1.96
  --------------------------------------------------------------------------
  slack (MET)                                                        0.00


1
